[codeskdhaka.com/html/glorio-preview/glorio/index.html]
[backblue.gif]
[fade.gif]
[index.html]
[codeskdhaka.com/html/glorio-preview/glorio/assets/img/favicon.png]
[codeskdhaka.com/html/glorio-preview/glorio/assets/css/preloader.css]
[codeskdhaka.com/html/glorio-preview/glorio/assets/css/bootstrap.min.css]
[codeskdhaka.com/html/glorio-preview/glorio/assets/css/meanmenu.css]
[codeskdhaka.com/html/glorio-preview/glorio/assets/css/animate.min.css]
[codeskdhaka.com/html/glorio-preview/glorio/assets/css/swiper-bundle.css]
[codeskdhaka.com/html/glorio-preview/glorio/assets/css/backToTop.css]
[codeskdhaka.com/html/glorio-preview/glorio/assets/css/magnific-popup.css]
[codeskdhaka.com/html/glorio-preview/glorio/assets/css/nice-select.css]
[codeskdhaka.com/html/glorio-preview/glorio/assets/css/fontAwesome5Pro.css]
[codeskdhaka.com/html/glorio-preview/glorio/assets/css/vanilla-calendar-min.css]
[codeskdhaka.com/html/glorio-preview/glorio/assets/css/slick.css]
[codeskdhaka.com/html/glorio-preview/glorio/assets/css/default.css]
[codeskdhaka.com/html/glorio-preview/glorio/assets/css/style.css]
[codeskdhaka.com/html/glorio-preview/glorio/assets/img/logo/glorio-logo.svg]
[codeskdhaka.com/html/glorio-preview/glorio/assets/img/gallery/footer/1.jpg]
[codeskdhaka.com/html/glorio-preview/glorio/assets/img/gallery/footer/2.jpg]
[codeskdhaka.com/html/glorio-preview/glorio/assets/img/gallery/footer/3.jpg]
[codeskdhaka.com/html/glorio-preview/glorio/assets/img/gallery/footer/4.jpg]
[codeskdhaka.com/html/glorio-preview/glorio/assets/img/gallery/footer/5.jpg]
[codeskdhaka.com/html/glorio-preview/glorio/assets/img/gallery/footer/6.jpg]
[codeskdhaka.com/html/glorio-preview/glorio/booking-form.html]
[codeskdhaka.com/html/glorio-preview/glorio/index-2.html]
[codeskdhaka.com/html/glorio-preview/glorio/index-3.html]
[codeskdhaka.com/html/glorio-preview/glorio/about.html]
[codeskdhaka.com/html/glorio-preview/glorio/hotel-staff.html]
[codeskdhaka.com/html/glorio-preview/glorio/restaurant.html]
[codeskdhaka.com/html/glorio-preview/glorio/gallery.html]
[codeskdhaka.com/html/glorio-preview/glorio/gallery-masonry.html]
[codeskdhaka.com/html/glorio-preview/glorio/room.html]
[codeskdhaka.com/html/glorio-preview/glorio/room-grid.html]
[codeskdhaka.com/html/glorio-preview/glorio/room-details.html]
[codeskdhaka.com/html/glorio-preview/glorio/service.html]
[codeskdhaka.com/html/glorio-preview/glorio/service-details.html]
[codeskdhaka.com/html/glorio-preview/glorio/event.html]
[codeskdhaka.com/html/glorio-preview/glorio/event-details.html]
[codeskdhaka.com/html/glorio-preview/glorio/error-404.html]
[codeskdhaka.com/html/glorio-preview/glorio/reviews.html]
[codeskdhaka.com/html/glorio-preview/glorio/pricing-plan.html]
[codeskdhaka.com/html/glorio-preview/glorio/faq.html]
[codeskdhaka.com/html/glorio-preview/glorio/blog.html]
[codeskdhaka.com/html/glorio-preview/glorio/blog-details.html]
[codeskdhaka.com/html/glorio-preview/glorio/contact.html]
[codeskdhaka.com/html/glorio-preview/glorio/assets/img/header/hamburger.png]
[codeskdhaka.com/html/glorio-preview/glorio/assets/img/slider/slider-1.jpg]
[codeskdhaka.com/html/glorio-preview/glorio/assets/img/slider/slider-2.jpg]
[codeskdhaka.com/html/glorio-preview/glorio/assets/img/slider/slider-3.jpg]
[codeskdhaka.com/html/glorio-preview/glorio/assets/img/cta/cta-icon-1.png]
[codeskdhaka.com/html/glorio-preview/glorio/assets/img/cta/cta-icon-2.png]
[codeskdhaka.com/html/glorio-preview/glorio/assets/img/cta/cta-icon-3.png]
[codeskdhaka.com/html/glorio-preview/glorio/assets/img/cta/cta-icon-4.png]
[codeskdhaka.com/html/glorio-preview/glorio/assets/img/about/about-1.jpg]
[codeskdhaka.com/html/glorio-preview/glorio/assets/img/about/about-2.jpg]
[codeskdhaka.com/html/glorio-preview/glorio/assets/img/about/about-3.jpg]
[codeskdhaka.com/html/glorio-preview/glorio/assets/img/about/about-4.jpg]
[codeskdhaka.com/html/glorio-preview/glorio/assets/img/about/batch.png]
[codeskdhaka.com/html/glorio-preview/glorio/assets/img/room/room-1.jpg]
[codeskdhaka.com/html/glorio-preview/glorio/assets/img/room/room-3.jpg]
[codeskdhaka.com/html/glorio-preview/glorio/assets/img/room/room-2.jpg]
[codeskdhaka.com/html/glorio-preview/glorio/assets/img/room/room-4.jpg]
[codeskdhaka.com/html/glorio-preview/glorio/assets/img/location/glo-loc1.jpg]
[codeskdhaka.com/html/glorio-preview/glorio/assets/img/location/glo-loc2.jpg]
[codeskdhaka.com/html/glorio-preview/glorio/assets/img/location/glo-loc3.jpg]
[codeskdhaka.com/html/glorio-preview/glorio/assets/img/location/glo-loc4.jpg]
[codeskdhaka.com/html/glorio-preview/glorio/assets/img/service/3.jpg]
[codeskdhaka.com/html/glorio-preview/glorio/assets/img/price/pattern.png]
[codeskdhaka.com/html/glorio-preview/glorio/assets/img/service/5.jpg]
[codeskdhaka.com/html/glorio-preview/glorio/assets/img/service/1.jpg]
[codeskdhaka.com/html/glorio-preview/glorio/assets/img/offer/offer-1.jpg]
[codeskdhaka.com/html/glorio-preview/glorio/assets/img/offer/offer-2.jpg]
[codeskdhaka.com/html/glorio-preview/glorio/assets/img/offer/offer-3.jpg]
[codeskdhaka.com/html/glorio-preview/glorio/assets/img/users/logo-1.png]
[codeskdhaka.com/html/glorio-preview/glorio/assets/img/users/logo-2.png]
[codeskdhaka.com/html/glorio-preview/glorio/assets/img/users/logo-3.png]
[codeskdhaka.com/html/glorio-preview/glorio/assets/img/users/logo-4.png]
[codeskdhaka.com/html/glorio-preview/glorio/assets/img/users/logo-5.png]
[codeskdhaka.com/html/glorio-preview/glorio/assets/img/appointment/icon-1.png]
[codeskdhaka.com/html/glorio-preview/glorio/assets/img/appointment/icon-2.png]
[codeskdhaka.com/html/glorio-preview/glorio/assets/img/appointment/appointment-bg.png]
[codeskdhaka.com/html/glorio-preview/glorio/assets/img/appointment/appointment-img.jpg]
[codeskdhaka.com/html/glorio-preview/glorio/assets/img/bg/video-bg.jpg]
[codeskdhaka.com/html/glorio-preview/glorio/assets/img/food-menu/food-menu-1.png]
[codeskdhaka.com/html/glorio-preview/glorio/assets/img/food-menu/food-menu-2.png]
[codeskdhaka.com/html/glorio-preview/glorio/assets/img/food-menu/food-menu-3.png]
[codeskdhaka.com/html/glorio-preview/glorio/assets/img/food-menu/food-menu-4.png]
[codeskdhaka.com/html/glorio-preview/glorio/assets/img/food-menu/food-menu-5.png]
[codeskdhaka.com/html/glorio-preview/glorio/assets/img/food-menu/food-menu-6.png]
[codeskdhaka.com/html/glorio-preview/glorio/assets/img/food-menu/food-menu-7.png]
[codeskdhaka.com/html/glorio-preview/glorio/assets/img/food-menu/food-menu-8.png]
[codeskdhaka.com/html/glorio-preview/glorio/assets/img/gallery/1.jpg]
[codeskdhaka.com/html/glorio-preview/glorio/assets/img/gallery/2.jpg]
[codeskdhaka.com/html/glorio-preview/glorio/assets/img/gallery/3.jpg]
[codeskdhaka.com/html/glorio-preview/glorio/assets/img/gallery/8.jpg]
[codeskdhaka.com/html/glorio-preview/glorio/assets/img/gallery/4.jpg]
[codeskdhaka.com/html/glorio-preview/glorio/assets/img/gallery/5.jpg]
[codeskdhaka.com/html/glorio-preview/glorio/assets/img/gallery/6.jpg]
[codeskdhaka.com/html/glorio-preview/glorio/assets/img/testimonial/quote.png]
[codeskdhaka.com/html/glorio-preview/glorio/assets/img/testimonial/test-line-bg.png]
[codeskdhaka.com/html/glorio-preview/glorio/assets/img/testimonial/user-1.png]
[codeskdhaka.com/html/glorio-preview/glorio/assets/img/testimonial/user-2.png]
[codeskdhaka.com/html/glorio-preview/glorio/assets/img/testimonial/user-3.png]
[codeskdhaka.com/html/glorio-preview/glorio/assets/img/blog/1.jpg]
[codeskdhaka.com/html/glorio-preview/glorio/assets/img/blog/9.jpg]
[codeskdhaka.com/html/glorio-preview/glorio/assets/img/blog/4.jpg]
[codeskdhaka.com/cdn-cgi/scripts/5c5dd728/cloudflare-static/email-decode.min.js]
[codeskdhaka.com/html/glorio-preview/glorio/assets/js/vendor/jquery-3.6.0.min.js]
[codeskdhaka.com/html/glorio-preview/glorio/assets/js/vendor/waypoints.min.js]
[codeskdhaka.com/html/glorio-preview/glorio/assets/js/bootstrap.bundle.min.js]
[codeskdhaka.com/html/glorio-preview/glorio/assets/js/meanmenu.js]
[codeskdhaka.com/html/glorio-preview/glorio/assets/js/swiper-bundle.js]
[codeskdhaka.com/html/glorio-preview/glorio/assets/js/magnific-popup.min.js]
[codeskdhaka.com/html/glorio-preview/glorio/assets/js/parallax.min.js]
[codeskdhaka.com/html/glorio-preview/glorio/assets/js/backToTop.js]
[codeskdhaka.com/html/glorio-preview/glorio/assets/js/nice-select.min.js]
[codeskdhaka.com/html/glorio-preview/glorio/assets/js/counterup.min.js]
[codeskdhaka.com/html/glorio-preview/glorio/assets/js/ajax-form.js]
[codeskdhaka.com/html/glorio-preview/glorio/assets/js/slick.min.js]
[codeskdhaka.com/html/glorio-preview/glorio/assets/js/wow.min.js]
[codeskdhaka.com/html/glorio-preview/glorio/assets/js/isotope.pkgd.min.js]
[codeskdhaka.com/html/glorio-preview/glorio/assets/js/vanilla-calendar-min.js]
[codeskdhaka.com/html/glorio-preview/glorio/assets/js/imagesloaded.pkgd.min.js]
[codeskdhaka.com/html/glorio-preview/glorio/assets/js/slick-animation.min.js]
[codeskdhaka.com/html/glorio-preview/glorio/index.html]
[codeskdhaka.com/html/glorio-preview/glorio/assets/css/preloader.css]
[codeskdhaka.com/html/glorio-preview/glorio/assets/css/bootstrap.min.css]
[codeskdhaka.com/html/glorio-preview/glorio/assets/css/meanmenu.css]
[codeskdhaka.com/html/glorio-preview/glorio/assets/css/animate.min.css]
[codeskdhaka.com/html/glorio-preview/glorio/assets/css/swiper-bundle.css]
[codeskdhaka.com/html/glorio-preview/glorio/assets/css/backToTop.css]
[codeskdhaka.com/html/glorio-preview/glorio/assets/css/magnific-popup.css]
[codeskdhaka.com/html/glorio-preview/glorio/assets/css/nice-select.css]
[codeskdhaka.com/html/glorio-preview/glorio/assets/js/main.js]
[codeskdhaka.com/html/glorio-preview/glorio/assets/fonts/fa-brands-400.eot]
[codeskdhaka.com/html/glorio-preview/glorio/assets/fonts/fa-brands-400d41d.eot]
[codeskdhaka.com/html/glorio-preview/glorio/assets/fonts/fa-brands-400.woff2]
[codeskdhaka.com/html/glorio-preview/glorio/assets/fonts/fa-brands-400.woff]
[codeskdhaka.com/html/glorio-preview/glorio/assets/fonts/fa-brands-400.ttf]
[codeskdhaka.com/html/glorio-preview/glorio/assets/fonts/fa-brands-400.svg]
[codeskdhaka.com/html/glorio-preview/glorio/assets/fonts/fa-duotone-900.eot]
[codeskdhaka.com/html/glorio-preview/glorio/assets/fonts/fa-duotone-900d41d.eot]
[codeskdhaka.com/html/glorio-preview/glorio/assets/fonts/fa-duotone-900.woff2]
[codeskdhaka.com/html/glorio-preview/glorio/assets/fonts/fa-duotone-900.woff]
[codeskdhaka.com/html/glorio-preview/glorio/assets/fonts/fa-duotone-900.ttf]
[codeskdhaka.com/html/glorio-preview/glorio/assets/fonts/fa-duotone-900.svg]
[codeskdhaka.com/html/glorio-preview/glorio/assets/fonts/fa-light-300.eot]
[codeskdhaka.com/html/glorio-preview/glorio/assets/fonts/fa-light-300d41d.eot]
[codeskdhaka.com/html/glorio-preview/glorio/assets/fonts/fa-light-300.woff2]
[codeskdhaka.com/html/glorio-preview/glorio/assets/fonts/fa-light-300.woff]
[codeskdhaka.com/html/glorio-preview/glorio/assets/fonts/fa-light-300.ttf]
[codeskdhaka.com/html/glorio-preview/glorio/assets/fonts/fa-regular-400.eot]
[codeskdhaka.com/html/glorio-preview/glorio/assets/fonts/fa-light-300.svg]
[codeskdhaka.com/html/glorio-preview/glorio/assets/fonts/fa-regular-400d41d.eot]
[codeskdhaka.com/html/glorio-preview/glorio/assets/fonts/fa-regular-400.woff2]
[codeskdhaka.com/html/glorio-preview/glorio/assets/fonts/fa-regular-400.woff]
[codeskdhaka.com/html/glorio-preview/glorio/assets/fonts/fa-regular-400.ttf]
[codeskdhaka.com/html/glorio-preview/glorio/assets/fonts/fa-regular-400.svg]
[codeskdhaka.com/html/glorio-preview/glorio/assets/fonts/fa-solid-900.eot]
[codeskdhaka.com/html/glorio-preview/glorio/assets/fonts/fa-solid-900d41d.eot]
[codeskdhaka.com/html/glorio-preview/glorio/assets/fonts/fa-solid-900.woff2]
[codeskdhaka.com/html/glorio-preview/glorio/assets/fonts/fa-solid-900.woff]
[codeskdhaka.com/html/glorio-preview/glorio/assets/fonts/fa-solid-900.ttf]
[codeskdhaka.com/html/glorio-preview/glorio/assets/css/fontAwesome5Pro.css]
[codeskdhaka.com/html/glorio-preview/glorio/assets/css/vanilla-calendar-min.css]
[codeskdhaka.com/html/glorio-preview/glorio/assets/css/slick.css]
[codeskdhaka.com/html/glorio-preview/glorio/assets/css/default.css]
[codeskdhaka.com/html/glorio-preview/glorio/assets/img/features/features-3/shape-1.png]
[codeskdhaka.com/html/glorio-preview/glorio/assets/fonts/fa-solid-900.svg]
[codeskdhaka.com/html/glorio-preview/glorio/assets/img/features/features-3/shape-1-rotate.png]
[codeskdhaka.com/html/glorio-preview/glorio/assets/css/style.css]
[codeskdhaka.com/html/glorio-preview/glorio/assets/img/logo/glorio-logo.svg]
[codeskdhaka.com/html/glorio-preview/glorio/assets/img/bg/page-title-bg.jpg]
[codeskdhaka.com/html/glorio-preview/glorio/booking-form.html]
[codeskdhaka.com/html/glorio-preview/glorio/assets/img/logo/logo-2.svg]
[codeskdhaka.com/html/glorio-preview/glorio/assets/img/header/hamburger-white.png]
[codeskdhaka.com/html/glorio-preview/glorio/assets/img/slider/home-2/banner-1.png]
[codeskdhaka.com/html/glorio-preview/glorio/assets/img/slider/home-2/banner-2.png]
[codeskdhaka.com/html/glorio-preview/glorio/assets/img/slider/home-2/banner-3.png]
[codeskdhaka.com/html/glorio-preview/glorio/assets/img/slider/home-2/shape-1.png]
[codeskdhaka.com/html/glorio-preview/glorio/assets/img/room/room-6.jpg]
[codeskdhaka.com/html/glorio-preview/glorio/assets/img/room/room-5.jpg]
[codeskdhaka.com/html/glorio-preview/glorio/assets/img/room/room-7.jpg]
[codeskdhaka.com/html/glorio-preview/glorio/assets/img/room/room-8.jpg]
[codeskdhaka.com/html/glorio-preview/glorio/assets/img/room/room-9.jpg]
[codeskdhaka.com/html/glorio-preview/glorio/assets/img/room/room-10.jpg]
[codeskdhaka.com/html/glorio-preview/glorio/assets/img/facilities/facilities-icon.png]
[codeskdhaka.com/html/glorio-preview/glorio/assets/img/facilities/1.png]
[codeskdhaka.com/html/glorio-preview/glorio/assets/img/facilities/3.png]
[codeskdhaka.com/html/glorio-preview/glorio/assets/img/facilities/4.png]
[codeskdhaka.com/html/glorio-preview/glorio/assets/img/facilities/5.png]
[codeskdhaka.com/html/glorio-preview/glorio/assets/img/service/2.jpg]
[codeskdhaka.com/html/glorio-preview/glorio/assets/img/service/4.jpg]
[codeskdhaka.com/html/glorio-preview/glorio/assets/img/brands/1.png]
[codeskdhaka.com/html/glorio-preview/glorio/assets/img/brands/2.png]
[codeskdhaka.com/html/glorio-preview/glorio/assets/img/brands/3.png]
[codeskdhaka.com/html/glorio-preview/glorio/assets/img/brands/4.png]
[codeskdhaka.com/html/glorio-preview/glorio/assets/img/brands/5.png]
[codeskdhaka.com/html/glorio-preview/glorio/assets/img/features/features-shape-1.png]
[codeskdhaka.com/html/glorio-preview/glorio/assets/img/features/icon-1.png]
[codeskdhaka.com/html/glorio-preview/glorio/assets/img/features/features-2.jpg]
[codeskdhaka.com/html/glorio-preview/glorio/assets/img/features/features-1.jpg]
[codeskdhaka.com/html/glorio-preview/glorio/assets/img/features/icon-2.png]
[codeskdhaka.com/html/glorio-preview/glorio/assets/img/gallery/gallery-2/1.jpg]
[codeskdhaka.com/html/glorio-preview/glorio/assets/img/gallery/gallery-2/2.jpg]
[codeskdhaka.com/html/glorio-preview/glorio/assets/img/gallery/gallery-2/3.jpg]
[codeskdhaka.com/html/glorio-preview/glorio/assets/img/gallery/gallery-2/4.jpg]
[codeskdhaka.com/html/glorio-preview/glorio/assets/img/gallery/gallery-2/5.jpg]
[codeskdhaka.com/html/glorio-preview/glorio/assets/img/gallery/gallery-2/6.jpg]
[codeskdhaka.com/html/glorio-preview/glorio/assets/img/gallery/gallery-2/7.jpg]
[codeskdhaka.com/html/glorio-preview/glorio/assets/img/gallery/gallery-2/8.jpg]
[codeskdhaka.com/html/glorio-preview/glorio/assets/img/gallery/gallery-2/9.jpg]
[codeskdhaka.com/html/glorio-preview/glorio/assets/img/faq/faq-1.jpg]
[codeskdhaka.com/html/glorio-preview/glorio/assets/img/faq/faq-2.jpg]
[codeskdhaka.com/html/glorio-preview/glorio/assets/img/faq/shape-1.png]
[codeskdhaka.com/html/glorio-preview/glorio/assets/img/blog/slide/1.jpg]
[codeskdhaka.com/html/glorio-preview/glorio/assets/img/blog/slide/2.jpg]
[codeskdhaka.com/html/glorio-preview/glorio/assets/img/blog/slide/3.jpg]
[codeskdhaka.com/html/glorio-preview/glorio/assets/img/blog/slide/4.jpg]
[codeskdhaka.com/html/glorio-preview/glorio/assets/img/logo/footer-logo.png]
[codeskdhaka.com/html/glorio-preview/glorio/index-2.html]
[codeskdhaka.com/html/glorio-preview/glorio/assets/img/logo/logo-black.svg]
[codeskdhaka.com/html/glorio-preview/glorio/assets/img/header/hamburger-2.png]
[codeskdhaka.com/html/glorio-preview/glorio/assets/img/slider/home-3/1.png]
[codeskdhaka.com/html/glorio-preview/glorio/assets/img/slider/home-3/2.png]
[codeskdhaka.com/html/glorio-preview/glorio/assets/img/slider/home-3/3.png]
[codeskdhaka.com/html/glorio-preview/glorio/assets/img/logo/logo-icon.png]
[codeskdhaka.com/html/glorio-preview/glorio/assets/img/features/features-3/shape-2.png]
[codeskdhaka.com/html/glorio-preview/glorio/assets/img/features/features-3/1.jpg]
[codeskdhaka.com/html/glorio-preview/glorio/assets/img/features/features-3/2.jpg]
[codeskdhaka.com/html/glorio-preview/glorio/assets/img/features/features-3/3.jpg]
[codeskdhaka.com/html/glorio-preview/glorio/assets/img/facilities/2.png]
[codeskdhaka.com/html/glorio-preview/glorio/assets/img/facilities/cta-icon/1.png]
[codeskdhaka.com/html/glorio-preview/glorio/assets/img/facilities/cta-icon/2.png]
[codeskdhaka.com/html/glorio-preview/glorio/assets/img/cta/vdo-area-bg.jpg]
[codeskdhaka.com/html/glorio-preview/glorio/assets/img/food-menu/big-1.jpg]
[codeskdhaka.com/html/glorio-preview/glorio/assets/img/food-menu/big-2.jpg]
[codeskdhaka.com/html/glorio-preview/glorio/assets/img/food-menu/big-3.jpg]
[codeskdhaka.com/html/glorio-preview/glorio/assets/img/food-menu/big-4.jpg]
[codeskdhaka.com/html/glorio-preview/glorio/assets/img/food-menu/big-5.jpg]
[codeskdhaka.com/html/glorio-preview/glorio/assets/img/food-menu/big-6.jpg]
[codeskdhaka.com/html/glorio-preview/glorio/assets/img/food-menu/big-7.jpg]
[codeskdhaka.com/html/glorio-preview/glorio/assets/img/food-menu/big-8.jpg]
[codeskdhaka.com/html/glorio-preview/glorio/assets/img/food-menu/big-9.jpg]
[codeskdhaka.com/html/glorio-preview/glorio/assets/img/food-menu/big-10.jpg]
[codeskdhaka.com/html/glorio-preview/glorio/assets/img/food-menu/big-11.jpg]
[codeskdhaka.com/html/glorio-preview/glorio/assets/img/food-menu/big-12.jpg]
[codeskdhaka.com/html/glorio-preview/glorio/assets/img/newsletter/news-bg.png]
[codeskdhaka.com/html/glorio-preview/glorio/assets/img/newsletter/icon.png]
[codeskdhaka.com/html/glorio-preview/glorio/assets/img/event/event-1.jpg]
[codeskdhaka.com/html/glorio-preview/glorio/assets/img/event/event-2.jpg]
[codeskdhaka.com/html/glorio-preview/glorio/assets/img/event/event-3.jpg]
[codeskdhaka.com/html/glorio-preview/glorio/assets/img/event/event-4.jpg]
[codeskdhaka.com/html/glorio-preview/glorio/assets/img/team/1.png]
[codeskdhaka.com/html/glorio-preview/glorio/assets/img/team/signature-1.png]
[codeskdhaka.com/html/glorio-preview/glorio/assets/img/team/2.png]
[codeskdhaka.com/html/glorio-preview/glorio/assets/img/team/signature-2.png]
[codeskdhaka.com/html/glorio-preview/glorio/assets/img/team/3.png]
[codeskdhaka.com/html/glorio-preview/glorio/assets/img/team/signature-3.png]
[codeskdhaka.com/html/glorio-preview/glorio/assets/img/team/4.png]
[codeskdhaka.com/html/glorio-preview/glorio/assets/img/team/signature-4.png]
[codeskdhaka.com/html/glorio-preview/glorio/assets/img/logo/footer-logo-2.png]
[codeskdhaka.com/html/glorio-preview/glorio/index-3.html]
[codeskdhaka.com/html/glorio-preview/glorio/assets/img/deals/deal-1.jpg]
[codeskdhaka.com/html/glorio-preview/glorio/assets/img/deals/deal-2.jpg]
[codeskdhaka.com/html/glorio-preview/glorio/assets/img/deals/deal-3.jpg]
[codeskdhaka.com/html/glorio-preview/glorio/assets/img/deals/deal-4.jpg]
[codeskdhaka.com/html/glorio-preview/glorio/about.html]
[codeskdhaka.com/html/glorio-preview/glorio/assets/img/staff/staff-1.jpg]
[codeskdhaka.com/html/glorio-preview/glorio/assets/img/staff/staff-2.jpg]
[codeskdhaka.com/html/glorio-preview/glorio/assets/img/staff/staff-3.jpg]
[codeskdhaka.com/html/glorio-preview/glorio/assets/img/staff/staff-4.jpg]
[codeskdhaka.com/html/glorio-preview/glorio/assets/img/staff/staff-5.jpg]
[codeskdhaka.com/html/glorio-preview/glorio/hotel-staff.html]
[codeskdhaka.com/html/glorio-preview/glorio/assets/img/restaurant/2.jpg]
[codeskdhaka.com/html/glorio-preview/glorio/assets/img/restaurant/1.jpg]
[codeskdhaka.com/html/glorio-preview/glorio/assets/img/restaurant/3.jpg]
[codeskdhaka.com/html/glorio-preview/glorio/assets/img/restaurant/4.jpg]
[codeskdhaka.com/html/glorio-preview/glorio/assets/img/restaurant/5.jpg]
[codeskdhaka.com/html/glorio-preview/glorio/assets/img/restaurant/6.jpg]
[codeskdhaka.com/html/glorio-preview/glorio/restaurant.html]
[codeskdhaka.com/html/glorio-preview/glorio/assets/img/gallery/big-2.jpg]
[codeskdhaka.com/html/glorio-preview/glorio/assets/img/gallery/mid-1.jpg]
[codeskdhaka.com/html/glorio-preview/glorio/assets/img/gallery/mid-2.jpg]
[codeskdhaka.com/html/glorio-preview/glorio/assets/img/gallery/big-1.jpg]
[codeskdhaka.com/html/glorio-preview/glorio/assets/img/gallery/mid-4.jpg]
[codeskdhaka.com/html/glorio-preview/glorio/assets/img/gallery/mid-3.jpg]
[codeskdhaka.com/html/glorio-preview/glorio/gallery.html]
[codeskdhaka.com/html/glorio-preview/glorio/assets/img/gallery/filter/iso-01.jpg]
[codeskdhaka.com/html/glorio-preview/glorio/assets/img/gallery/filter/iso-02.jpg]
[codeskdhaka.com/html/glorio-preview/glorio/assets/img/gallery/filter/iso-03.jpg]
[codeskdhaka.com/html/glorio-preview/glorio/assets/img/gallery/filter/iso-04.jpg]
[codeskdhaka.com/html/glorio-preview/glorio/assets/img/gallery/filter/iso-05.jpg]
[codeskdhaka.com/html/glorio-preview/glorio/assets/img/gallery/filter/iso-06.jpg]
[codeskdhaka.com/html/glorio-preview/glorio/assets/img/gallery/filter/iso-07.jpg]
[codeskdhaka.com/html/glorio-preview/glorio/assets/img/gallery/filter/iso-08.jpg]
[codeskdhaka.com/html/glorio-preview/glorio/gallery-masonry.html]
[codeskdhaka.com/html/glorio-preview/glorio/room.html]
[codeskdhaka.com/html/glorio-preview/glorio/assets/img/reservation/1.jpg]
[codeskdhaka.com/html/glorio-preview/glorio/assets/img/reservation/3.jpg]
[codeskdhaka.com/html/glorio-preview/glorio/assets/img/reservation/2.jpg]
[codeskdhaka.com/html/glorio-preview/glorio/assets/img/reservation/4.jpg]
[codeskdhaka.com/html/glorio-preview/glorio/assets/img/reservation/5.jpg]
[codeskdhaka.com/html/glorio-preview/glorio/assets/img/reservation/6.jpg]
[codeskdhaka.com/html/glorio-preview/glorio/room-grid.html]
[codeskdhaka.com/html/glorio-preview/glorio/assets/img/reservation/details-1.jpg]
[codeskdhaka.com/html/glorio-preview/glorio/assets/img/facilities/details.png]
[codeskdhaka.com/html/glorio-preview/glorio/assets/img/service/service-side.jpg]
[codeskdhaka.com/html/glorio-preview/glorio/room-details.html]
[codeskdhaka.com/html/glorio-preview/glorio/service.html]
[codeskdhaka.com/html/glorio-preview/glorio/assets/img/service/big-1.jpg]
[codeskdhaka.com/html/glorio-preview/glorio/service-details.html]
[codeskdhaka.com/html/glorio-preview/glorio/assets/img/event/event-5.jpg]
[codeskdhaka.com/html/glorio-preview/glorio/assets/img/event/event-6.jpg]
[codeskdhaka.com/html/glorio-preview/glorio/event.html]
[codeskdhaka.com/html/glorio-preview/glorio/assets/img/event/event-details-1.jpg]
[codeskdhaka.com/html/glorio-preview/glorio/event-details.html]
[codeskdhaka.com/html/glorio-preview/glorio/assets/img/bg/404.png]
[codeskdhaka.com/html/glorio-preview/glorio/error-404.html]
[codeskdhaka.com/html/glorio-preview/glorio/assets/img/testimonial/1.png]
[codeskdhaka.com/html/glorio-preview/glorio/assets/img/testimonial/2.png]
[codeskdhaka.com/html/glorio-preview/glorio/assets/img/testimonial/3.png]
[codeskdhaka.com/html/glorio-preview/glorio/assets/img/testimonial/4.png]
[codeskdhaka.com/html/glorio-preview/glorio/assets/img/testimonial/5.png]
[codeskdhaka.com/html/glorio-preview/glorio/assets/img/testimonial/6.png]
[codeskdhaka.com/html/glorio-preview/glorio/reviews.html]
[codeskdhaka.com/html/glorio-preview/glorio/pricing-plan.html]
[codeskdhaka.com/html/glorio-preview/glorio/faq.html]
[codeskdhaka.com/html/glorio-preview/glorio/assets/img/blog/10.jpg]
[codeskdhaka.com/html/glorio-preview/glorio/assets/img/blog/3.jpg]
[codeskdhaka.com/html/glorio-preview/glorio/assets/img/blog/5.jpg]
[codeskdhaka.com/html/glorio-preview/glorio/assets/img/blog/2.jpg]
[codeskdhaka.com/html/glorio-preview/glorio/assets/img/blog/7.jpg]
[codeskdhaka.com/html/glorio-preview/glorio/assets/img/blog/8.jpg]
[codeskdhaka.com/html/glorio-preview/glorio/assets/img/blog/6.jpg]
[codeskdhaka.com/html/glorio-preview/glorio/blog.html]
[codeskdhaka.com/html/glorio-preview/glorio/assets/img/blog/blog-d-1.jpg]
[codeskdhaka.com/html/glorio-preview/glorio/assets/img/blog/quote-1.png]
[codeskdhaka.com/html/glorio-preview/glorio/assets/img/blog/blog-d-2.jpg]
[codeskdhaka.com/html/glorio-preview/glorio/assets/img/blog/comment-2.png]
[codeskdhaka.com/html/glorio-preview/glorio/assets/img/blog/comment-1.jpg]
[codeskdhaka.com/html/glorio-preview/glorio/assets/img/blog/comment-2.jpg]
[codeskdhaka.com/html/glorio-preview/glorio/assets/img/blog/comment-3.jpg]
[codeskdhaka.com/html/glorio-preview/glorio/assets/img/blog/rc-2.jpg]
[codeskdhaka.com/html/glorio-preview/glorio/assets/img/blog/rc-3.jpg]
[codeskdhaka.com/html/glorio-preview/glorio/assets/img/blog/rc-4.jpg]
[codeskdhaka.com/html/glorio-preview/glorio/blog-details.html]
[codeskdhaka.com/html/glorio-preview/glorio/contact.html]
[codeskdhaka.com/html/glorio-preview/glorio/assets/js/vendor/jquery-3.6.0.min.js]
[codeskdhaka.com/html/glorio-preview/glorio/assets/js/vendor/waypoints.min.js]
[codeskdhaka.com/html/glorio-preview/glorio/assets/js/bootstrap.bundle.min.js]
[codeskdhaka.com/html/glorio-preview/glorio/assets/js/meanmenu.js]
[codeskdhaka.com/html/glorio-preview/glorio/e]
[codeskdhaka.com/html/glorio-preview/glorio/a.params.url]
[codeskdhaka.com/html/glorio-preview/glorio/assets/js/swiper-bundle.js]
[codeskdhaka.com/html/glorio-preview/glorio/assets/js/magnific-popup.min.js]
[codeskdhaka.com/html/glorio-preview/glorio/assets/js/parallax.min.js]
[codeskdhaka.com/html/glorio-preview/glorio/assets/js/backToTop.js]
[codeskdhaka.com/html/glorio-preview/glorio/assets/js/nice-select.min.js]
[codeskdhaka.com/html/glorio-preview/glorio/assets/js/counterup.min.js]
[codeskdhaka.com/html/glorio-preview/glorio/assets/js/ajax-form.js]
[codeskdhaka.com/html/glorio-preview/glorio/assets/js/slick.min.js]
[codeskdhaka.com/html/glorio-preview/glorio/assets/js/wow.min.js]
[codeskdhaka.com/html/glorio-preview/glorio/assets/js/isotope.pkgd.min.js]
[codeskdhaka.com/html/glorio-preview/glorio/assets/js/vanilla-calendar-min.js]
[codeskdhaka.com/html/glorio-preview/glorio/assets/js/imagesloaded.pkgd.min.js]
[codeskdhaka.com/html/glorio-preview/glorio/assets/js/slick-animation.min.js]
[codeskdhaka.com/html/glorio-preview/glorio/assets/js/main.js]
[codeskdhaka.com/html/glorio-preview/glorio/assets/css/bootstrap.rtl.css]
[codeskdhaka.com/html/glorio-preview/glorio/assets/fonts/fa-brands-400.svg]
[codeskdhaka.com/html/glorio-preview/glorio/assets/fonts/fa-duotone-900.svg]
[codeskdhaka.com/html/glorio-preview/glorio/assets/fonts/fa-light-300.svg]
[codeskdhaka.com/html/glorio-preview/glorio/assets/fonts/fa-regular-400.svg]
[codeskdhaka.com/html/glorio-preview/glorio/assets/fonts/fa-solid-900.svg]
[codeskdhaka.com/html/glorio-preview/glorio/assets/img/logo/logo-2.svg]
[codeskdhaka.com/html/glorio-preview/glorio/assets/img/logo/logo-black.svg]
[codeskdhaka.com/html/glorio-preview/glorio/e.html]
[codeskdhaka.com/html/glorio-preview/glorio/a.params.html]
[codeskdhaka.com/html/glorio-preview/glorio/assets/css/bootstrap.rtl.css]
